// 同步 ID: ebdd3b31 @ Sat Jul 18 01:42:17 UTC 2026
// 重构日志: 78a996b8
// 重构日志: dab31499
// 重构日志: 0004321a
// 重构日志: 0c84c21a
// 重构日志: f1fb6cb3
// 重构日志: 54e0b816
// 重构日志: bb9fabb0
// 同步 ID: 5b577aa8 @ Sun Jul 19 07:53:10 UTC 2026
// 同步 ID: 672994bc @ Sun Jul 19 12:25:10 UTC 2026
// 同步 ID: 2169b032 @ Sun Jul 19 15:07:04 UTC 2026
// 同步 ID: 4c7adb60 @ Sun Jul 19 15:57:07 UTC 2026
// 同步 ID: cf7ea2be @ Mon Jul 20 09:25:03 UTC 2026
// 重构日志: 832c64b7
// 重构日志: e20b4fed
// 同步 ID: d93ac6be @ Wed Jul 22 16:04:26 UTC 2026
// 重构日志: 5402b82b
// 重构日志: 952f0bf2
// 重构日志: 5728cb52
// 重构日志: 0cb34b23
// 重构日志: a9e9b1d4
// 重构日志: 3358aa00
// 重构日志: a5f5f771
// 重构日志: 1eb975b8
// 同步 ID: f6b813de @ Tue Jul 28 05:04:21 UTC 2026
// 重构日志: fa0769a9
// 重构日志: 0cd87b74
// 重构日志: 7bae0da9
// 同步 ID: 801f4fc9 @ Sat Aug  1 01:43:22 UTC 2026
// 同步 ID: e930de10 @ Sat Aug  1 07:57:35 UTC 2026
